// Jest Snapshot v1, https://goo.gl/fbAQLP

exports[`renders SearchPlacesInput component as expected 1`] = `
<div
  className="row"
>
  <div
    className="col-md-12"
  >
    <form
      className="form-inline"
    >
      <input
        className="form-control input-md"
        id="place"
        placeholder="Search"
        required={true}
        type="text"
      />
    </form>
  </div>
</div>
`;
