// Jest Snapshot v1, https://goo.gl/fbAQLP

exports[`renders PlacesList component with no places 1`] = `
<div
  className="list-group places-content"
/>
`;

exports[`renders PlacesList component with places 1`] = `
<div
  className="list-group places-content"
>
  <PlacesListItem
    index={0}
    key="0"
    place={
      Object {
        "formatted_address": "123 Fake St",
        "name": "Place1",
      }
    }
  />
  <PlacesListItem
    index={1}
    key="1"
    place={
      Object {
        "formatted_address": "456 Fake St",
        "name": "Place2",
      }
    }
  />
</div>
`;
